[0.000000] (-) TimerEvent: {}
[0.000170] (rabbit_interfaces) JobQueued: {'identifier': 'rabbit_interfaces', 'dependencies': OrderedDict()}
[0.000223] (rabbit_package) JobQueued: {'identifier': 'rabbit_package', 'dependencies': OrderedDict()}
[0.000258] (rabbit_interfaces) JobStarted: {'identifier': 'rabbit_interfaces'}
[0.028879] (rabbit_package) JobStarted: {'identifier': 'rabbit_package'}
[0.051910] (rabbit_interfaces) JobProgress: {'identifier': 'rabbit_interfaces', 'progress': 'cmake'}
[0.052946] (rabbit_interfaces) Command: {'cmd': ['/home/entity014/.local/bin/cmake', '/home/entity014/ABU_new_ws/src/rabbit_interfaces', '-DCMAKE_INSTALL_PREFIX=/home/entity014/ABU_new_ws/install/rabbit_interfaces'], 'cwd': '/home/entity014/ABU_new_ws/build/rabbit_interfaces', 'env': OrderedDict([('GJS_DEBUG_TOPICS', 'JS ERROR;JS LOG'), ('LESSOPEN', '| /usr/bin/lesspipe %s'), ('USER', 'entity014'), ('LC_TIME', 'th_TH.UTF-8'), ('SSH_AGENT_PID', '2227'), ('XDG_SESSION_TYPE', 'x11'), ('SHLVL', '1'), ('LD_LIBRARY_PATH', '/home/entity014/ros2_ws/install/micro_ros_agent/lib:/home/entity014/ros2_ws/install/micro_ros_msgs/lib:/home/entity014/ros2_ws/install/drive_base_msgs/lib:/home/entity014/abu_ws/install/wiimote/lib:/home/entity014/abu_ws/install/wiimote_msgs/lib:/home/entity014/abu_ws/install/spacenav/lib:/home/entity014/abu_ws/install/joy/lib:/home/entity014/abu_ws/install/micro_ros_agent/lib:/home/entity014/abu_ws/install/micro_ros_msgs/lib:/home/entity014/abu_ws/install/drive_base_msgs/lib:/usr/lib/x86_64-linux-gnu/gazebo-11/plugins:/opt/ros/foxy/opt/yaml_cpp_vendor/lib:/opt/ros/foxy/opt/rviz_ogre_vendor/lib:/opt/ros/foxy/lib/x86_64-linux-gnu:/opt/ros/foxy/lib'), ('HOME', '/home/entity014'), ('OLDPWD', '/home/entity014/ABU_new_ws/src/rabbit_interfaces'), ('DESKTOP_SESSION', 'ubuntu'), ('ROS_PYTHON_VERSION', '3'), ('GNOME_SHELL_SESSION_MODE', 'ubuntu'), ('GTK_MODULES', 'gail:atk-bridge'), ('LC_MONETARY', 'th_TH.UTF-8'), ('MANAGERPID', '2001'), ('DBUS_SESSION_BUS_ADDRESS', 'unix:path=/run/user/1000/bus'), ('COLORTERM', 'truecolor'), ('MANDATORY_PATH', '/usr/share/gconf/ubuntu.mandatory.path'), ('IM_CONFIG_PHASE', '1'), ('COLCON_PREFIX_PATH', '/home/entity014/ABU_new_ws/install:/home/entity014/ros2_ws/install:/home/entity014/abu_ws/install'), ('ROS_DISTRO', 'foxy'), ('LOGNAME', 'entity014'), ('JOURNAL_STREAM', '8:43680'), ('_', '/usr/bin/colcon'), ('ROS_VERSION', '2'), ('XDG_SESSION_CLASS', 'user'), ('DEFAULTS_PATH', '/usr/share/gconf/ubuntu.default.path'), ('USERNAME', 'entity014'), ('TERM', 'xterm-256color'), ('GNOME_DESKTOP_SESSION_ID', 'this-is-deprecated'), ('ROS_LOCALHOST_ONLY', '0'), ('WINDOWPATH', '2'), ('PATH', '/opt/ros/foxy/bin:/home/entity014/.local/bin:/usr/local/sbin:/usr/local/bin:/usr/sbin:/usr/bin:/sbin:/bin:/usr/games:/usr/local/games:/snap/bin'), ('SESSION_MANAGER', 'local/entity014-Nitro-AN515-52:@/tmp/.ICE-unix/2308,unix/entity014-Nitro-AN515-52:/tmp/.ICE-unix/2308'), ('INVOCATION_ID', 'da7ce09f93a644c5bf38f971e98bbab9'), ('XDG_MENU_PREFIX', 'gnome-'), ('LC_ADDRESS', 'th_TH.UTF-8'), ('GNOME_TERMINAL_SCREEN', '/org/gnome/Terminal/screen/5b0e8253_36f9_4097_b889_4053dc28c685'), ('XDG_RUNTIME_DIR', '/run/user/1000'), ('DISPLAY', ':1'), ('LANG', 'en_US.UTF-8'), ('XDG_CURRENT_DESKTOP', 'ubuntu:GNOME'), ('LC_TELEPHONE', 'th_TH.UTF-8'), ('XMODIFIERS', '@im=ibus'), ('XDG_SESSION_DESKTOP', 'ubuntu'), ('XAUTHORITY', '/run/user/1000/gdm/Xauthority'), ('LS_COLORS', 'rs=0:di=01;34:ln=01;36:mh=00:pi=40;33:so=01;35:do=01;35:bd=40;33;01:cd=40;33;01:or=40;31;01:mi=00:su=37;41:sg=30;43:ca=30;41:tw=30;42:ow=34;42:st=37;44:ex=01;32:*.tar=01;31:*.tgz=01;31:*.arc=01;31:*.arj=01;31:*.taz=01;31:*.lha=01;31:*.lz4=01;31:*.lzh=01;31:*.lzma=01;31:*.tlz=01;31:*.txz=01;31:*.tzo=01;31:*.t7z=01;31:*.zip=01;31:*.z=01;31:*.dz=01;31:*.gz=01;31:*.lrz=01;31:*.lz=01;31:*.lzo=01;31:*.xz=01;31:*.zst=01;31:*.tzst=01;31:*.bz2=01;31:*.bz=01;31:*.tbz=01;31:*.tbz2=01;31:*.tz=01;31:*.deb=01;31:*.rpm=01;31:*.jar=01;31:*.war=01;31:*.ear=01;31:*.sar=01;31:*.rar=01;31:*.alz=01;31:*.ace=01;31:*.zoo=01;31:*.cpio=01;31:*.7z=01;31:*.rz=01;31:*.cab=01;31:*.wim=01;31:*.swm=01;31:*.dwm=01;31:*.esd=01;31:*.jpg=01;35:*.jpeg=01;35:*.mjpg=01;35:*.mjpeg=01;35:*.gif=01;35:*.bmp=01;35:*.pbm=01;35:*.pgm=01;35:*.ppm=01;35:*.tga=01;35:*.xbm=01;35:*.xpm=01;35:*.tif=01;35:*.tiff=01;35:*.png=01;35:*.svg=01;35:*.svgz=01;35:*.mng=01;35:*.pcx=01;35:*.mov=01;35:*.mpg=01;35:*.mpeg=01;35:*.m2v=01;35:*.mkv=01;35:*.webm=01;35:*.ogm=01;35:*.mp4=01;35:*.m4v=01;35:*.mp4v=01;35:*.vob=01;35:*.qt=01;35:*.nuv=01;35:*.wmv=01;35:*.asf=01;35:*.rm=01;35:*.rmvb=01;35:*.flc=01;35:*.avi=01;35:*.fli=01;35:*.flv=01;35:*.gl=01;35:*.dl=01;35:*.xcf=01;35:*.xwd=01;35:*.yuv=01;35:*.cgm=01;35:*.emf=01;35:*.ogv=01;35:*.ogx=01;35:*.aac=00;36:*.au=00;36:*.flac=00;36:*.m4a=00;36:*.mid=00;36:*.midi=00;36:*.mka=00;36:*.mp3=00;36:*.mpc=00;36:*.ogg=00;36:*.ra=00;36:*.wav=00;36:*.oga=00;36:*.opus=00;36:*.spx=00;36:*.xspf=00;36:'), ('GNOME_TERMINAL_SERVICE', ':1.132'), ('SSH_AUTH_SOCK', '/run/user/1000/keyring/ssh'), ('ROS_DOMAIN_ID', '10'), ('AMENT_PREFIX_PATH', '/home/entity014/ABU_new_ws/install/rabbit_package:/home/entity014/ros2_ws/install/swap_pillar:/home/entity014/ros2_ws/install/micro_ros_setup:/home/entity014/ros2_ws/install/micro_ros_agent:/home/entity014/ros2_ws/install/micro_ros_msgs:/home/entity014/ros2_ws/install/drive_base_msgs:/home/entity014/abu_ws/install/wiimote:/home/entity014/abu_ws/install/wiimote_msgs:/home/entity014/abu_ws/install/spacenav:/home/entity014/abu_ws/install/joy:/home/entity014/abu_ws/install/sdl2_vendor:/home/entity014/abu_ws/install/micro_ros_setup:/home/entity014/abu_ws/install/micro_ros_agent:/home/entity014/abu_ws/install/micro_ros_msgs:/home/entity014/abu_ws/install/joy_linux:/home/entity014/abu_ws/install/drive_base_msgs:/home/entity014/abu_ws/install/abu_package:/opt/ros/foxy'), ('SHELL', '/bin/bash'), ('LC_NAME', 'th_TH.UTF-8'), ('QT_ACCESSIBILITY', '1'), ('GDMSESSION', 'ubuntu'), ('LESSCLOSE', '/usr/bin/lesspipe %s %s'), ('LC_MEASUREMENT', 'th_TH.UTF-8'), ('GPG_AGENT_INFO', '/run/user/1000/gnupg/S.gpg-agent:0:1'), ('GJS_DEBUG_OUTPUT', 'stderr'), ('LC_IDENTIFICATION', 'th_TH.UTF-8'), ('QT_IM_MODULE', 'ibus'), ('PWD', '/home/entity014/ABU_new_ws/build/rabbit_interfaces'), ('LC_ALL', 'en_US.UTF-8'), ('XDG_CONFIG_DIRS', '/etc/xdg/xdg-ubuntu:/etc/xdg'), ('XDG_DATA_DIRS', '/usr/share/ubuntu:/usr/local/share/:/usr/share/:/var/lib/snapd/desktop'), ('PYTHONPATH', '/home/entity014/ABU_new_ws/install/rabbit_package/lib/python3.8/site-packages:/home/entity014/ros2_ws/install/swap_pillar/lib/python3.8/site-packages:/home/entity014/ros2_ws/install/micro_ros_msgs/lib/python3.8/site-packages:/home/entity014/ros2_ws/install/drive_base_msgs/lib/python3.8/site-packages:/home/entity014/abu_ws/install/wiimote_msgs/lib/python3.8/site-packages:/home/entity014/abu_ws/install/micro_ros_msgs/lib/python3.8/site-packages:/home/entity014/abu_ws/install/drive_base_msgs/lib/python3.8/site-packages:/home/entity014/abu_ws/install/abu_package/lib/python3.8/site-packages:/opt/ros/foxy/lib/python3.8/site-packages'), ('LC_NUMERIC', 'th_TH.UTF-8'), ('LC_PAPER', 'th_TH.UTF-8'), ('COLCON', '1'), ('VTE_VERSION', '6003'), ('CMAKE_PREFIX_PATH', '/home/entity014/ros2_ws/install/micro_ros_setup:/home/entity014/ros2_ws/install/micro_ros_agent:/home/entity014/ros2_ws/install/micro_ros_msgs:/home/entity014/ros2_ws/install/drive_base_msgs:/home/entity014/abu_ws/install/wiimote:/home/entity014/abu_ws/install/wiimote_msgs:/home/entity014/abu_ws/install/spacenav:/home/entity014/abu_ws/install/joy:/home/entity014/abu_ws/install/sdl2_vendor:/home/entity014/abu_ws/install/micro_ros_setup:/home/entity014/abu_ws/install/micro_ros_agent:/home/entity014/abu_ws/install/micro_ros_msgs:/home/entity014/abu_ws/install/joy_linux:/home/entity014/abu_ws/install/drive_base_msgs')]), 'shell': False}
[0.098764] (-) TimerEvent: {}
[0.123988] (rabbit_interfaces) StdoutLine: {'line': b'-- Found ament_cmake: 0.9.11 (/opt/ros/foxy/share/ament_cmake/cmake)\n'}
[0.163991] (rabbit_interfaces) StdoutLine: {'line': b'-- Found PythonInterp: /usr/bin/python3 (found suitable version "3.8.10", minimum required is "3") \n'}
[0.164316] (rabbit_interfaces) StdoutLine: {'line': b'-- Using PYTHON_EXECUTABLE: /usr/bin/python3\n'}
[0.198775] (-) TimerEvent: {}
[0.299152] (-) TimerEvent: {}
[0.399528] (-) TimerEvent: {}
[0.499919] (-) TimerEvent: {}
[0.562350] (rabbit_interfaces) StdoutLine: {'line': b'-- Found rosidl_default_generators: 1.0.1 (/opt/ros/foxy/share/rosidl_default_generators/cmake)\n'}
[0.569676] (rabbit_interfaces) StdoutLine: {'line': b'-- Using all available rosidl_typesupport_c: rosidl_typesupport_fastrtps_c;rosidl_typesupport_introspection_c\n'}
[0.575047] (rabbit_interfaces) StdoutLine: {'line': b'-- Found rosidl_adapter: 1.3.0 (/opt/ros/foxy/share/rosidl_adapter/cmake)\n'}
[0.600137] (-) TimerEvent: {}
[0.700649] (-) TimerEvent: {}
[0.800966] (-) TimerEvent: {}
[0.876913] (rabbit_interfaces) StdoutLine: {'line': b'-- Using all available rosidl_typesupport_cpp: rosidl_typesupport_fastrtps_cpp;rosidl_typesupport_introspection_cpp\n'}
[0.901078] (-) TimerEvent: {}
[0.953012] (rabbit_interfaces) StdoutLine: {'line': b'-- Found PythonInterp: /usr/bin/python3 (found version "3.8.10") \n'}
[1.001182] (-) TimerEvent: {}
[1.101563] (-) TimerEvent: {}
[1.149062] (rabbit_interfaces) StderrLine: {'line': b"Error parsing '/home/entity014/ABU_new_ws/src/rabbit_interfaces/package.xml':\n"}
[1.201670] (-) TimerEvent: {}
[1.253388] (rabbit_package) Command: {'cmd': ['/usr/bin/python3', 'setup.py', 'egg_info', '--egg-base', '../../build/rabbit_package', 'build', '--build-base', '/home/entity014/ABU_new_ws/build/rabbit_package/build', 'install', '--record', '/home/entity014/ABU_new_ws/build/rabbit_package/install.log', '--install-scripts', '$base/lib/rabbit_package', '--single-version-externally-managed'], 'cwd': '/home/entity014/ABU_new_ws/src/rabbit_package', 'env': {'GJS_DEBUG_TOPICS': 'JS ERROR;JS LOG', 'LESSOPEN': '| /usr/bin/lesspipe %s', 'USER': 'entity014', 'LC_TIME': 'th_TH.UTF-8', 'SSH_AGENT_PID': '2227', 'XDG_SESSION_TYPE': 'x11', 'SHLVL': '1', 'LD_LIBRARY_PATH': '/home/entity014/ros2_ws/install/micro_ros_agent/lib:/home/entity014/ros2_ws/install/micro_ros_msgs/lib:/home/entity014/ros2_ws/install/drive_base_msgs/lib:/home/entity014/abu_ws/install/wiimote/lib:/home/entity014/abu_ws/install/wiimote_msgs/lib:/home/entity014/abu_ws/install/spacenav/lib:/home/entity014/abu_ws/install/joy/lib:/home/entity014/abu_ws/install/micro_ros_agent/lib:/home/entity014/abu_ws/install/micro_ros_msgs/lib:/home/entity014/abu_ws/install/drive_base_msgs/lib:/usr/lib/x86_64-linux-gnu/gazebo-11/plugins:/opt/ros/foxy/opt/yaml_cpp_vendor/lib:/opt/ros/foxy/opt/rviz_ogre_vendor/lib:/opt/ros/foxy/lib/x86_64-linux-gnu:/opt/ros/foxy/lib', 'HOME': '/home/entity014', 'OLDPWD': '/home/entity014/ABU_new_ws/src/rabbit_interfaces', 'DESKTOP_SESSION': 'ubuntu', 'ROS_PYTHON_VERSION': '3', 'GNOME_SHELL_SESSION_MODE': 'ubuntu', 'GTK_MODULES': 'gail:atk-bridge', 'LC_MONETARY': 'th_TH.UTF-8', 'MANAGERPID': '2001', 'DBUS_SESSION_BUS_ADDRESS': 'unix:path=/run/user/1000/bus', 'COLORTERM': 'truecolor', 'MANDATORY_PATH': '/usr/share/gconf/ubuntu.mandatory.path', 'IM_CONFIG_PHASE': '1', 'COLCON_PREFIX_PATH': '/home/entity014/ABU_new_ws/install:/home/entity014/ros2_ws/install:/home/entity014/abu_ws/install', 'ROS_DISTRO': 'foxy', 'LOGNAME': 'entity014', 'JOURNAL_STREAM': '8:43680', '_': '/usr/bin/colcon', 'ROS_VERSION': '2', 'XDG_SESSION_CLASS': 'user', 'DEFAULTS_PATH': '/usr/share/gconf/ubuntu.default.path', 'USERNAME': 'entity014', 'TERM': 'xterm-256color', 'GNOME_DESKTOP_SESSION_ID': 'this-is-deprecated', 'ROS_LOCALHOST_ONLY': '0', 'WINDOWPATH': '2', 'PATH': '/opt/ros/foxy/bin:/home/entity014/.local/bin:/usr/local/sbin:/usr/local/bin:/usr/sbin:/usr/bin:/sbin:/bin:/usr/games:/usr/local/games:/snap/bin', 'SESSION_MANAGER': 'local/entity014-Nitro-AN515-52:@/tmp/.ICE-unix/2308,unix/entity014-Nitro-AN515-52:/tmp/.ICE-unix/2308', 'INVOCATION_ID': 'da7ce09f93a644c5bf38f971e98bbab9', 'XDG_MENU_PREFIX': 'gnome-', 'LC_ADDRESS': 'th_TH.UTF-8', 'GNOME_TERMINAL_SCREEN': '/org/gnome/Terminal/screen/5b0e8253_36f9_4097_b889_4053dc28c685', 'XDG_RUNTIME_DIR': '/run/user/1000', 'DISPLAY': ':1', 'LANG': 'en_US.UTF-8', 'XDG_CURRENT_DESKTOP': 'ubuntu:GNOME', 'LC_TELEPHONE': 'th_TH.UTF-8', 'XMODIFIERS': '@im=ibus', 'XDG_SESSION_DESKTOP': 'ubuntu', 'XAUTHORITY': '/run/user/1000/gdm/Xauthority', 'LS_COLORS': 'rs=0:di=01;34:ln=01;36:mh=00:pi=40;33:so=01;35:do=01;35:bd=40;33;01:cd=40;33;01:or=40;31;01:mi=00:su=37;41:sg=30;43:ca=30;41:tw=30;42:ow=34;42:st=37;44:ex=01;32:*.tar=01;31:*.tgz=01;31:*.arc=01;31:*.arj=01;31:*.taz=01;31:*.lha=01;31:*.lz4=01;31:*.lzh=01;31:*.lzma=01;31:*.tlz=01;31:*.txz=01;31:*.tzo=01;31:*.t7z=01;31:*.zip=01;31:*.z=01;31:*.dz=01;31:*.gz=01;31:*.lrz=01;31:*.lz=01;31:*.lzo=01;31:*.xz=01;31:*.zst=01;31:*.tzst=01;31:*.bz2=01;31:*.bz=01;31:*.tbz=01;31:*.tbz2=01;31:*.tz=01;31:*.deb=01;31:*.rpm=01;31:*.jar=01;31:*.war=01;31:*.ear=01;31:*.sar=01;31:*.rar=01;31:*.alz=01;31:*.ace=01;31:*.zoo=01;31:*.cpio=01;31:*.7z=01;31:*.rz=01;31:*.cab=01;31:*.wim=01;31:*.swm=01;31:*.dwm=01;31:*.esd=01;31:*.jpg=01;35:*.jpeg=01;35:*.mjpg=01;35:*.mjpeg=01;35:*.gif=01;35:*.bmp=01;35:*.pbm=01;35:*.pgm=01;35:*.ppm=01;35:*.tga=01;35:*.xbm=01;35:*.xpm=01;35:*.tif=01;35:*.tiff=01;35:*.png=01;35:*.svg=01;35:*.svgz=01;35:*.mng=01;35:*.pcx=01;35:*.mov=01;35:*.mpg=01;35:*.mpeg=01;35:*.m2v=01;35:*.mkv=01;35:*.webm=01;35:*.ogm=01;35:*.mp4=01;35:*.m4v=01;35:*.mp4v=01;35:*.vob=01;35:*.qt=01;35:*.nuv=01;35:*.wmv=01;35:*.asf=01;35:*.rm=01;35:*.rmvb=01;35:*.flc=01;35:*.avi=01;35:*.fli=01;35:*.flv=01;35:*.gl=01;35:*.dl=01;35:*.xcf=01;35:*.xwd=01;35:*.yuv=01;35:*.cgm=01;35:*.emf=01;35:*.ogv=01;35:*.ogx=01;35:*.aac=00;36:*.au=00;36:*.flac=00;36:*.m4a=00;36:*.mid=00;36:*.midi=00;36:*.mka=00;36:*.mp3=00;36:*.mpc=00;36:*.ogg=00;36:*.ra=00;36:*.wav=00;36:*.oga=00;36:*.opus=00;36:*.spx=00;36:*.xspf=00;36:', 'GNOME_TERMINAL_SERVICE': ':1.132', 'SSH_AUTH_SOCK': '/run/user/1000/keyring/ssh', 'ROS_DOMAIN_ID': '10', 'AMENT_PREFIX_PATH': '/home/entity014/ABU_new_ws/install/rabbit_package:/home/entity014/ros2_ws/install/swap_pillar:/home/entity014/ros2_ws/install/micro_ros_setup:/home/entity014/ros2_ws/install/micro_ros_agent:/home/entity014/ros2_ws/install/micro_ros_msgs:/home/entity014/ros2_ws/install/drive_base_msgs:/home/entity014/abu_ws/install/wiimote:/home/entity014/abu_ws/install/wiimote_msgs:/home/entity014/abu_ws/install/spacenav:/home/entity014/abu_ws/install/joy:/home/entity014/abu_ws/install/sdl2_vendor:/home/entity014/abu_ws/install/micro_ros_setup:/home/entity014/abu_ws/install/micro_ros_agent:/home/entity014/abu_ws/install/micro_ros_msgs:/home/entity014/abu_ws/install/joy_linux:/home/entity014/abu_ws/install/drive_base_msgs:/home/entity014/abu_ws/install/abu_package:/opt/ros/foxy', 'SHELL': '/bin/bash', 'LC_NAME': 'th_TH.UTF-8', 'QT_ACCESSIBILITY': '1', 'GDMSESSION': 'ubuntu', 'LESSCLOSE': '/usr/bin/lesspipe %s %s', 'LC_MEASUREMENT': 'th_TH.UTF-8', 'GPG_AGENT_INFO': '/run/user/1000/gnupg/S.gpg-agent:0:1', 'GJS_DEBUG_OUTPUT': 'stderr', 'LC_IDENTIFICATION': 'th_TH.UTF-8', 'QT_IM_MODULE': 'ibus', 'PWD': '/home/entity014/ABU_new_ws/build/rabbit_package', 'LC_ALL': 'en_US.UTF-8', 'XDG_CONFIG_DIRS': '/etc/xdg/xdg-ubuntu:/etc/xdg', 'XDG_DATA_DIRS': '/usr/share/ubuntu:/usr/local/share/:/usr/share/:/var/lib/snapd/desktop', 'PYTHONPATH': '/home/entity014/ABU_new_ws/build/rabbit_package/prefix_override:/home/entity014/ABU_new_ws/install/rabbit_package/lib/python3.8/site-packages:/home/entity014/ABU_new_ws/install/rabbit_package/lib/python3.8/site-packages:/home/entity014/ros2_ws/install/swap_pillar/lib/python3.8/site-packages:/home/entity014/ros2_ws/install/micro_ros_msgs/lib/python3.8/site-packages:/home/entity014/ros2_ws/install/drive_base_msgs/lib/python3.8/site-packages:/home/entity014/abu_ws/install/wiimote_msgs/lib/python3.8/site-packages:/home/entity014/abu_ws/install/micro_ros_msgs/lib/python3.8/site-packages:/home/entity014/abu_ws/install/drive_base_msgs/lib/python3.8/site-packages:/home/entity014/abu_ws/install/abu_package/lib/python3.8/site-packages:/opt/ros/foxy/lib/python3.8/site-packages', 'LC_NUMERIC': 'th_TH.UTF-8', 'LC_PAPER': 'th_TH.UTF-8', 'COLCON': '1', 'VTE_VERSION': '6003', 'CMAKE_PREFIX_PATH': '/home/entity014/ros2_ws/install/micro_ros_setup:/home/entity014/ros2_ws/install/micro_ros_agent:/home/entity014/ros2_ws/install/micro_ros_msgs:/home/entity014/ros2_ws/install/drive_base_msgs:/home/entity014/abu_ws/install/wiimote:/home/entity014/abu_ws/install/wiimote_msgs:/home/entity014/abu_ws/install/spacenav:/home/entity014/abu_ws/install/joy:/home/entity014/abu_ws/install/sdl2_vendor:/home/entity014/abu_ws/install/micro_ros_setup:/home/entity014/abu_ws/install/micro_ros_agent:/home/entity014/abu_ws/install/micro_ros_msgs:/home/entity014/abu_ws/install/joy_linux:/home/entity014/abu_ws/install/drive_base_msgs'}, 'shell': False}
[1.301829] (-) TimerEvent: {}
[1.337341] (rabbit_interfaces) StderrLine: {'line': b'Traceback (most recent call last):\n'}
[1.337684] (rabbit_interfaces) StderrLine: {'line': b'  File "/usr/lib/python3/dist-packages/catkin_pkg/package.py", line 610, in parse_package_string\n'}
[1.337880] (rabbit_interfaces) StderrLine: {'line': b'    root = dom.parseString(data)\n'}
[1.338039] (rabbit_interfaces) StderrLine: {'line': b'  File "/usr/lib/python3.8/xml/dom/minidom.py", line 1969, in parseString\n'}
[1.338234] (rabbit_interfaces) StderrLine: {'line': b'    return expatbuilder.parseString(string)\n'}
[1.338391] (rabbit_interfaces) StderrLine: {'line': b'  File "/usr/lib/python3.8/xml/dom/expatbuilder.py", line 925, in parseString\n'}
[1.338548] (rabbit_interfaces) StderrLine: {'line': b'    return builder.parseString(string)\n'}
[1.338694] (rabbit_interfaces) StderrLine: {'line': b'  File "/usr/lib/python3.8/xml/dom/expatbuilder.py", line 223, in parseString\n'}
[1.338844] (rabbit_interfaces) StderrLine: {'line': b'    parser.Parse(string, True)\n'}
[1.338996] (rabbit_interfaces) StderrLine: {'line': b'xml.parsers.expat.ExpatError: mismatched tag: line 11, column 47\n'}
[1.339151] (rabbit_interfaces) StderrLine: {'line': b'\n'}
[1.339304] (rabbit_interfaces) StderrLine: {'line': b'During handling of the above exception, another exception occurred:\n'}
[1.339454] (rabbit_interfaces) StderrLine: {'line': b'\n'}
[1.339601] (rabbit_interfaces) StderrLine: {'line': b'Traceback (most recent call last):\n'}
[1.339751] (rabbit_interfaces) StderrLine: {'line': b'  File "/opt/ros/foxy/share/ament_cmake_core/cmake/core/package_xml_2_cmake.py", line 143, in <module>\n'}
[1.339903] (rabbit_interfaces) StderrLine: {'line': b'    main()\n'}
[1.340056] (rabbit_interfaces) StderrLine: {'line': b'  File "/opt/ros/foxy/share/ament_cmake_core/cmake/core/package_xml_2_cmake.py", line 52, in main\n'}
[1.340204] (rabbit_interfaces) StderrLine: {'line': b'    raise e\n'}
[1.340355] (rabbit_interfaces) StderrLine: {'line': b'  File "/opt/ros/foxy/share/ament_cmake_core/cmake/core/package_xml_2_cmake.py", line 48, in main\n'}
[1.340502] (rabbit_interfaces) StderrLine: {'line': b'    package = parse_package_string(\n'}
[1.340648] (rabbit_interfaces) StderrLine: {'line': b'  File "/usr/lib/python3/dist-packages/catkin_pkg/package.py", line 612, in parse_package_string\n'}
[1.340801] (rabbit_interfaces) StderrLine: {'line': b"    raise InvalidPackage('The manifest contains invalid XML:\\n%s' % ex, filename)\n"}
[1.340947] (rabbit_interfaces) StderrLine: {'line': b"catkin_pkg.package.InvalidPackage: Error(s) in package '/home/entity014/ABU_new_ws/src/rabbit_interfaces/package.xml':\n"}
[1.341106] (rabbit_interfaces) StderrLine: {'line': b'The manifest contains invalid XML:\n'}
[1.341249] (rabbit_interfaces) StderrLine: {'line': b'mismatched tag: line 11, column 47\n'}
[1.377053] (rabbit_interfaces) StderrLine: {'line': b'\x1b[31mCMake Error at /opt/ros/foxy/share/ament_cmake_core/cmake/core/ament_package_xml.cmake:94 (message):\n'}
[1.377402] (rabbit_interfaces) StderrLine: {'line': b'  execute_process(/usr/bin/python3\n'}
[1.377620] (rabbit_interfaces) StderrLine: {'line': b'  /opt/ros/foxy/share/ament_cmake_core/cmake/core/package_xml_2_cmake.py\n'}
[1.377934] (rabbit_interfaces) StderrLine: {'line': b'  /home/entity014/ABU_new_ws/src/rabbit_interfaces/package.xml\n'}
[1.378141] (rabbit_interfaces) StderrLine: {'line': b'  /home/entity014/ABU_new_ws/build/rabbit_interfaces/ament_cmake_core/package.cmake)\n'}
[1.378338] (rabbit_interfaces) StderrLine: {'line': b'  returned error code 1\n'}
[1.378583] (rabbit_interfaces) StderrLine: {'line': b'Call Stack (most recent call first):\n'}
[1.378801] (rabbit_interfaces) StderrLine: {'line': b'  /opt/ros/foxy/share/ament_cmake_core/cmake/core/ament_package_xml.cmake:49 (_ament_package_xml)\n'}
[1.379005] (rabbit_interfaces) StderrLine: {'line': b'  /opt/ros/foxy/share/rosidl_cmake/cmake/rosidl_generate_interfaces.cmake:226 (ament_package_xml)\n'}
[1.379212] (rabbit_interfaces) StderrLine: {'line': b'  CMakeLists.txt:22 (rosidl_generate_interfaces)\n'}
[1.379408] (rabbit_interfaces) StderrLine: {'line': b'\n'}
[1.379604] (rabbit_interfaces) StderrLine: {'line': b'\x1b[0m\n'}
[1.379763] (rabbit_interfaces) StdoutLine: {'line': b'-- Configuring incomplete, errors occurred!\n'}
[1.391969] (rabbit_interfaces) CommandEnded: {'returncode': 1}
[1.393441] (rabbit_interfaces) JobEnded: {'identifier': 'rabbit_interfaces', 'rc': 1}
[1.401938] (-) TimerEvent: {}
[1.502217] (-) TimerEvent: {}
[1.602551] (-) TimerEvent: {}
[1.674757] (rabbit_package) StdoutLine: {'line': b'running egg_info\n'}
[1.675663] (rabbit_package) StdoutLine: {'line': b'writing ../../build/rabbit_package/rabbit_package.egg-info/PKG-INFO\n'}
[1.676032] (rabbit_package) StdoutLine: {'line': b'writing dependency_links to ../../build/rabbit_package/rabbit_package.egg-info/dependency_links.txt\n'}
[1.676292] (rabbit_package) StdoutLine: {'line': b'writing entry points to ../../build/rabbit_package/rabbit_package.egg-info/entry_points.txt\n'}
[1.676562] (rabbit_package) StdoutLine: {'line': b'writing requirements to ../../build/rabbit_package/rabbit_package.egg-info/requires.txt\n'}
[1.676815] (rabbit_package) StdoutLine: {'line': b'writing top-level names to ../../build/rabbit_package/rabbit_package.egg-info/top_level.txt\n'}
[1.702683] (-) TimerEvent: {}
[1.726871] (rabbit_package) StdoutLine: {'line': b"reading manifest file '../../build/rabbit_package/rabbit_package.egg-info/SOURCES.txt'\n"}
[1.728272] (rabbit_package) StdoutLine: {'line': b"writing manifest file '../../build/rabbit_package/rabbit_package.egg-info/SOURCES.txt'\n"}
[1.728643] (rabbit_package) StdoutLine: {'line': b'running build\n'}
[1.728878] (rabbit_package) StdoutLine: {'line': b'running build_py\n'}
[1.729850] (rabbit_package) StdoutLine: {'line': b'running install\n'}
[1.731061] (rabbit_package) StdoutLine: {'line': b'running install_lib\n'}
[1.733492] (rabbit_package) StdoutLine: {'line': b'running install_data\n'}
[1.734226] (rabbit_package) StdoutLine: {'line': b'running install_egg_info\n'}
[1.737395] (rabbit_package) StdoutLine: {'line': b"removing '/home/entity014/ABU_new_ws/install/rabbit_package/lib/python3.8/site-packages/rabbit_package-0.0.0-py3.8.egg-info' (and everything under it)\n"}
[1.737835] (rabbit_package) StdoutLine: {'line': b'Copying ../../build/rabbit_package/rabbit_package.egg-info to /home/entity014/ABU_new_ws/install/rabbit_package/lib/python3.8/site-packages/rabbit_package-0.0.0-py3.8.egg-info\n'}
[1.739158] (rabbit_package) StdoutLine: {'line': b'running install_scripts\n'}
[1.764189] (rabbit_package) StdoutLine: {'line': b'Installing joyCon_node script to /home/entity014/ABU_new_ws/install/rabbit_package/lib/rabbit_package\n'}
[1.764719] (rabbit_package) StdoutLine: {'line': b"writing list of installed files to '/home/entity014/ABU_new_ws/build/rabbit_package/install.log'\n"}
[1.791035] (rabbit_package) JobEnded: {'identifier': 'rabbit_package', 'rc': 'SIGINT'}
[1.801912] (-) EventReactorShutdown: {}
