[0.051s] Invoking command in '/home/entity014/ABU_new_ws/build/rabbit_interfaces': /home/entity014/.local/bin/cmake /home/entity014/ABU_new_ws/src/rabbit_interfaces -DCMAKE_INSTALL_PREFIX=/home/entity014/ABU_new_ws/install/rabbit_interfaces
[0.213s] -- The C compiler identification is GNU 9.4.0
[0.322s] -- The CXX compiler identification is GNU 9.4.0
[0.347s] -- Detecting C compiler ABI info
[0.465s] -- Detecting C compiler ABI info - done
[0.489s] -- Check for working C compiler: /usr/bin/cc - skipped
[0.490s] -- Detecting C compile features
[0.491s] -- Detecting C compile features - done
[0.497s] -- Detecting CXX compiler ABI info
[0.619s] -- Detecting CXX compiler ABI info - done
[0.638s] -- Check for working CXX compiler: /usr/bin/c++ - skipped
[0.639s] -- Detecting CXX compile features
[0.639s] -- Detecting CXX compile features - done
[0.646s] -- Found ament_cmake: 0.9.11 (/opt/ros/foxy/share/ament_cmake/cmake)
[0.693s] -- Found PythonInterp: /usr/bin/python3 (found suitable version "3.8.10", minimum required is "3") 
[0.693s] -- Using PYTHON_EXECUTABLE: /usr/bin/python3
[1.134s] -- Found rosidl_default_generators: 1.0.1 (/opt/ros/foxy/share/rosidl_default_generators/cmake)
[1.150s] -- Using all available rosidl_typesupport_c: rosidl_typesupport_fastrtps_c;rosidl_typesupport_introspection_c
[1.168s] -- Found rosidl_adapter: 1.3.0 (/opt/ros/foxy/share/rosidl_adapter/cmake)
[1.360s] -- Found OpenSSL: /usr/lib/x86_64-linux-gnu/libcrypto.so (found version "1.1.1f")  
[1.420s] -- Found FastRTPS: /opt/ros/foxy/include  
[1.578s] -- Using all available rosidl_typesupport_cpp: rosidl_typesupport_fastrtps_cpp;rosidl_typesupport_introspection_cpp
[1.686s] -- Found PythonInterp: /usr/bin/python3 (found version "3.8.10") 
[1.904s] Error parsing '/home/entity014/ABU_new_ws/src/rabbit_interfaces/package.xml':
[2.100s] Traceback (most recent call last):
[2.101s]   File "/usr/lib/python3/dist-packages/catkin_pkg/package.py", line 610, in parse_package_string
[2.101s]     root = dom.parseString(data)
[2.101s]   File "/usr/lib/python3.8/xml/dom/minidom.py", line 1969, in parseString
[2.101s]     return expatbuilder.parseString(string)
[2.102s]   File "/usr/lib/python3.8/xml/dom/expatbuilder.py", line 925, in parseString
[2.102s]     return builder.parseString(string)
[2.102s]   File "/usr/lib/python3.8/xml/dom/expatbuilder.py", line 223, in parseString
[2.102s]     parser.Parse(string, True)
[2.103s] xml.parsers.expat.ExpatError: mismatched tag: line 11, column 47
[2.103s] 
[2.103s] During handling of the above exception, another exception occurred:
[2.103s] 
[2.103s] Traceback (most recent call last):
[2.104s]   File "/opt/ros/foxy/share/ament_cmake_core/cmake/core/package_xml_2_cmake.py", line 143, in <module>
[2.104s]     main()
[2.104s]   File "/opt/ros/foxy/share/ament_cmake_core/cmake/core/package_xml_2_cmake.py", line 52, in main
[2.105s]     raise e
[2.105s]   File "/opt/ros/foxy/share/ament_cmake_core/cmake/core/package_xml_2_cmake.py", line 48, in main
[2.105s]     package = parse_package_string(
[2.105s]   File "/usr/lib/python3/dist-packages/catkin_pkg/package.py", line 612, in parse_package_string
[2.106s]     raise InvalidPackage('The manifest contains invalid XML:\n%s' % ex, filename)
[2.106s] catkin_pkg.package.InvalidPackage: Error(s) in package '/home/entity014/ABU_new_ws/src/rabbit_interfaces/package.xml':
[2.106s] The manifest contains invalid XML:
[2.106s] mismatched tag: line 11, column 47
[2.138s] [31mCMake Error at /opt/ros/foxy/share/ament_cmake_core/cmake/core/ament_package_xml.cmake:94 (message):
[2.138s]   execute_process(/usr/bin/python3
[2.138s]   /opt/ros/foxy/share/ament_cmake_core/cmake/core/package_xml_2_cmake.py
[2.138s]   /home/entity014/ABU_new_ws/src/rabbit_interfaces/package.xml
[2.138s]   /home/entity014/ABU_new_ws/build/rabbit_interfaces/ament_cmake_core/package.cmake)
[2.139s]   returned error code 1
[2.139s] Call Stack (most recent call first):
[2.139s]   /opt/ros/foxy/share/ament_cmake_core/cmake/core/ament_package_xml.cmake:49 (_ament_package_xml)
[2.139s]   /opt/ros/foxy/share/rosidl_cmake/cmake/rosidl_generate_interfaces.cmake:226 (ament_package_xml)
[2.139s]   CMakeLists.txt:25 (rosidl_generate_interfaces)
[2.139s] 
[2.139s] [0m
[2.140s] -- Configuring incomplete, errors occurred!
[2.159s] Invoked command in '/home/entity014/ABU_new_ws/build/rabbit_interfaces' returned '1': /home/entity014/.local/bin/cmake /home/entity014/ABU_new_ws/src/rabbit_interfaces -DCMAKE_INSTALL_PREFIX=/home/entity014/ABU_new_ws/install/rabbit_interfaces
