[0.055s] Invoking command in '/home/entity014/ABU_new_ws/build/rabbit_interfaces': /home/entity014/.local/bin/cmake /home/entity014/ABU_new_ws/src/rabbit_interfaces -DCMAKE_INSTALL_PREFIX=/home/entity014/ABU_new_ws/install/rabbit_interfaces
[0.121s] -- Found ament_cmake: 0.9.11 (/opt/ros/foxy/share/ament_cmake/cmake)
[0.161s] -- Found PythonInterp: /usr/bin/python3 (found suitable version "3.8.10", minimum required is "3") 
[0.161s] -- Using PYTHON_EXECUTABLE: /usr/bin/python3
[0.596s] -- Found rosidl_default_generators: 1.0.1 (/opt/ros/foxy/share/rosidl_default_generators/cmake)
[0.603s] -- Using all available rosidl_typesupport_c: rosidl_typesupport_fastrtps_c;rosidl_typesupport_introspection_c
[0.609s] -- Found rosidl_adapter: 1.3.0 (/opt/ros/foxy/share/rosidl_adapter/cmake)
[0.867s] -- Using all available rosidl_typesupport_cpp: rosidl_typesupport_fastrtps_cpp;rosidl_typesupport_introspection_cpp
[0.944s] -- Found PythonInterp: /usr/bin/python3 (found version "3.8.10") 
[1.146s] Error parsing '/home/entity014/ABU_new_ws/src/rabbit_interfaces/package.xml':
[1.340s] Traceback (most recent call last):
[1.340s]   File "/usr/lib/python3/dist-packages/catkin_pkg/package.py", line 610, in parse_package_string
[1.341s]     root = dom.parseString(data)
[1.341s]   File "/usr/lib/python3.8/xml/dom/minidom.py", line 1969, in parseString
[1.341s]     return expatbuilder.parseString(string)
[1.341s]   File "/usr/lib/python3.8/xml/dom/expatbuilder.py", line 925, in parseString
[1.341s]     return builder.parseString(string)
[1.341s]   File "/usr/lib/python3.8/xml/dom/expatbuilder.py", line 223, in parseString
[1.341s]     parser.Parse(string, True)
[1.341s] xml.parsers.expat.ExpatError: mismatched tag: line 11, column 47
[1.341s] 
[1.342s] During handling of the above exception, another exception occurred:
[1.342s] 
[1.342s] Traceback (most recent call last):
[1.342s]   File "/opt/ros/foxy/share/ament_cmake_core/cmake/core/package_xml_2_cmake.py", line 143, in <module>
[1.342s]     main()
[1.342s]   File "/opt/ros/foxy/share/ament_cmake_core/cmake/core/package_xml_2_cmake.py", line 52, in main
[1.342s]     raise e
[1.342s]   File "/opt/ros/foxy/share/ament_cmake_core/cmake/core/package_xml_2_cmake.py", line 48, in main
[1.343s]     package = parse_package_string(
[1.343s]   File "/usr/lib/python3/dist-packages/catkin_pkg/package.py", line 612, in parse_package_string
[1.343s]     raise InvalidPackage('The manifest contains invalid XML:\n%s' % ex, filename)
[1.343s] catkin_pkg.package.InvalidPackage: Error(s) in package '/home/entity014/ABU_new_ws/src/rabbit_interfaces/package.xml':
[1.343s] The manifest contains invalid XML:
[1.343s] mismatched tag: line 11, column 47
[1.379s] [31mCMake Error at /opt/ros/foxy/share/ament_cmake_core/cmake/core/ament_package_xml.cmake:94 (message):
[1.379s]   execute_process(/usr/bin/python3
[1.379s]   /opt/ros/foxy/share/ament_cmake_core/cmake/core/package_xml_2_cmake.py
[1.379s]   /home/entity014/ABU_new_ws/src/rabbit_interfaces/package.xml
[1.379s]   /home/entity014/ABU_new_ws/build/rabbit_interfaces/ament_cmake_core/package.cmake)
[1.379s]   returned error code 1
[1.380s] Call Stack (most recent call first):
[1.380s]   /opt/ros/foxy/share/ament_cmake_core/cmake/core/ament_package_xml.cmake:49 (_ament_package_xml)
[1.380s]   /opt/ros/foxy/share/rosidl_cmake/cmake/rosidl_generate_interfaces.cmake:226 (ament_package_xml)
[1.380s]   CMakeLists.txt:22 (rosidl_generate_interfaces)
[1.380s] 
[1.380s] [0m
[1.380s] -- Configuring incomplete, errors occurred!
[1.392s] Invoked command in '/home/entity014/ABU_new_ws/build/rabbit_interfaces' returned '1': /home/entity014/.local/bin/cmake /home/entity014/ABU_new_ws/src/rabbit_interfaces -DCMAKE_INSTALL_PREFIX=/home/entity014/ABU_new_ws/install/rabbit_interfaces
